src/services/email.service.ts(1,24): error TS2307: Cannot find module 'nodemailer' or its corresponding type declarations.
src/services/pdf.service.ts(1,25): error TS2307: Cannot find module 'pdfkit' or its corresponding type declarations.
src/services/pdf.service.ts(2,20): error TS2307: Cannot find module 'qrcode' or its corresponding type declarations.
src/services/pdf.service.ts(3,24): error TS2307: Cannot find module 'date-fns' or its corresponding type declarations.
src/services/pdf.service.ts(4,22): error TS2307: Cannot find module 'date-fns/locale' or its corresponding type declarations.
