src/routes/admin.routes.ts(4,32): error TS2307: Cannot find module '../middleware/auth.middleware' or its corresponding type declarations.
src/routes/creditCards.routes.ts(4,32): error TS2307: Cannot find module '../middleware/auth.middleware' or its corresponding type declarations.
src/routes/orders.routes.ts(8,58): error TS2339: Property 'listByUser' does not exist on type 'typeof OrderController'.
